---
source: crates/stylex-shared/tests/transform_override_vars_test/create_theme.rs
expression: output_v1
---
import stylex from 'stylex';
export const buttonTheme = {
    bgColor: "var(--xgck17p)",
    bgColorDisabled: "var(--xpegid5)",
    cornerRadius: "var(--xrqfjmn)",
    fgColor: "var(--x4y59db)",
    __themeName__: "x568ih9"
};
