---
source: crates/stylex-shared/tests/transform_stylex_define_consts_test/define_consts.rs
expression: output
---
import * as stylex from '@stylexjs/stylex';
import { breakpoints, colors } from './input.stylex';
export const styles = {
    root: {
        kMwMTN: "x1mqxbix x1r3tjmx x1bs297l",
        $$css: true
    }
};
