---
source: crates/stylex-shared/tests/transform_stylex_define_consts_test/define_consts.rs
expression: output
---
import * as stylex from '@stylexjs/stylex';
import { colors } from './input.stylex';
export const styles = {
    root: {
        kWkggS: "xuj838i",
        $$css: true
    }
};
