---
source: crates/stylex-shared/tests/transform_process_test/stylex_plugin_process_stylex_rules.rs
expression: code
---
import * as stylex from '@stylexjs/stylex';
import { constants } from './input.stylex';
export const styles = {
    root: {
        kMwMTN: "x3owktr",
        $$css: true
    }
};
