---
source: crates/stylex-shared/tests/evaluation/stylex_evaluation/import_evaluation/evaluation_of_imported_values_works_based_on_configuration/theme_name_hashing_based_on_filename_alone_works.rs
expression: transformation
---
import _inject from "@stylexjs/stylex/lib/stylex-inject";
var _inject2 = _inject;
import "otherFile.stylex.js";
import stylex from 'stylex';
import { MyTheme } from 'otherFile.stylex.js';
_inject2(".__hashed_var__1r7rkhg{color:var(--__hashed_var__1jqb1tb)}", 3000);
"__hashed_var__1r7rkhg";
