---
source: crates/stylex-shared/tests/transform_import_export_test/stylex_imports.rs
expression: output
---
const { foo, bar } = require('other');
