---
source: crates/stylex-shared/tests/transform_import_export_test/stylex_imports.rs
expression: output
---
import { foo, bar } from 'other';
