---
source: crates/stylex-shared/tests/transform_import_export_test/stylex_imports.rs
expression: output
---
export const styles = stylex.create({
    root: {
        color: 'red'
    }
});
