---
source: tests/stylex_transform_override_vars_test/create_theme.rs
expression: output_v1
---
import _inject from "@stylexjs/stylex/lib/stylex-inject";
var _inject2 = _inject;
import stylex from 'stylex';
export const buttonTheme = {
    bgColor: "var(--xgck17p)",
    bgColorDisabled: "var(--xpegid5)",
    cornerRadius: "var(--xrqfjmn)",
    fgColor: "var(--x4y59db)",
    __themeName__: "x568ih9"
};
_inject2(".xtrlmmh{--xgck17p:green;--xpegid5:antiquewhite;--xrqfjmn:6px;--x4y59db:coral;}", 0.5);
_inject2("@media (prefers-color-scheme: dark){.xtrlmmh{--xgck17p:lightgreen;--xpegid5:floralwhite;}}", 0.6);
_inject2("@media print{.xtrlmmh{--xgck17p:transparent;}}", 0.6);
